// Jest Snapshot v1, https://goo.gl/fbAQLP

exports[`ThemeSwitch Test 1`] = `
<div>
  <button
    class="sxd7l8i"
    data-testid="themeSwitch"
    type="button"
  >
    <i
      class="sx03kze sx03kze-s82hm gg-sun"
    />
  </button>
</div>
`;
