// Jest Snapshot v1, https://goo.gl/fbAQLP

exports[`Button Test 1`] = `
<div>
  <button
    class="sxdxa16"
    data-testid="button"
    type="button"
  >
    Hello
  </button>
</div>
`;
