// Jest Snapshot v1, https://goo.gl/fbAQLP

exports[`Text Test 1`] = `
<div>
  <p
    class="sxjgr5a sxjgr5a9n3hc--level-normal sxjgr5ah4u4f--weight-normal sxjgr5afxkwo--color-normal sxjgr5a0o7ux--align-left sxjgr5ap1cgo--spacing-small"
    data-testid="text"
  >
    Hello
  </p>
</div>
`;
